[designpro-html.vercel.app/index.html]
[backblue.gif]
[fade.gif]
[index.html]
[designpro-html.vercel.app/assets/images/favicon.png]
[designpro-html.vercel.app/assets/fonts/remixicon.css]
[designpro-html.vercel.app/assets/css/magnific-popup.css]
[designpro-html.vercel.app/assets/css/slick.min.css]
[designpro-html.vercel.app/assets/css/output.css]
[designpro-html.vercel.app/assets/images/logos/logo.png]
[designpro-html.vercel.app/assets/images/shapes/shape1.png]
[designpro-html.vercel.app/assets/images/shapes/shape2.png]
[designpro-html.vercel.app/assets/images/shapes/work-scribble.png]
[designpro-html.vercel.app/assets/images/projects/work7.jpg]
[designpro-html.vercel.app/assets/images/projects/work1.jpg]
[designpro-html.vercel.app/assets/images/projects/work6.jpg]
[designpro-html.vercel.app/assets/images/projects/work5.jpg]
[designpro-html.vercel.app/assets/images/company-logo/company1.png]
[designpro-html.vercel.app/assets/images/company-logo/company2.png]
[designpro-html.vercel.app/assets/images/company-logo/company3.png]
[designpro-html.vercel.app/assets/images/company-logo/company4.png]
[designpro-html.vercel.app/assets/images/company-logo/company5.png]
[designpro-html.vercel.app/assets/images/company-logo/company6.png]
[designpro-html.vercel.app/assets/images/about/founder.png]
[designpro-html.vercel.app/assets/images/shapes/workprocess-shape2.png]
[designpro-html.vercel.app/assets/images/shapes/workprocess-shape1.png]
[designpro-html.vercel.app/assets/images/services/service1.jpg]
[designpro-html.vercel.app/assets/images/services/service2.jpg]
[designpro-html.vercel.app/assets/images/services/service3.jpg]
[designpro-html.vercel.app/assets/images/testimonials/author1.jpg]
[designpro-html.vercel.app/assets/images/testimonials/author2.jpg]
[designpro-html.vercel.app/index-2.html]
[designpro-html.vercel.app/assets/js/jquery-3.6.0.min.js]
[designpro-html.vercel.app/assets/js/slick.min.js]
[designpro-html.vercel.app/assets/js/jquery.magnific-popup.min.js]
[designpro-html.vercel.app/assets/js/gsap.min.js]
[cdn.jsdelivr.net/npm/gsap@3.12.5/dist/ScrollTrigger.min.js]
[designpro-html.vercel.app/index.html]
[designpro-html.vercel.app/assets/js/script.js]
[designpro-html.vercel.app/assets/fonts/remixicon117c.eot]
[designpro-html.vercel.app/assets/fonts/remixicon117c.woff2]
[designpro-html.vercel.app/assets/fonts/remixicon117c.woff]
[designpro-html.vercel.app/assets/fonts/remixicon117c.ttf]
[designpro-html.vercel.app/assets/fonts/remixicon.css]
[designpro-html.vercel.app/assets/css/magnific-popup.css]
[designpro-html.vercel.app/assets/css/slick.min.css]
[designpro-html.vercel.app/assets/css/output.css]
[designpro-html.vercel.app/index-2.html]
[designpro-html.vercel.app/assets/fonts/remixicon117c.svg]
[designpro-html.vercel.app/assets/fonts/remixicon117c.svg]
